<?xml version="1.0" encoding="utf-8"?><testsuites name="pytest tests"><testsuite name="pytest" errors="0" failures="0" skipped="0" tests="108" time="1.432" timestamp="2026-01-31T22:50:06.570465+09:00" hostname="7960x"><testcase classname="tests.test_aggregator" name="test_aggregate_org_report" file="tests/test_aggregator.py" line="47" time="0.003" /><testcase classname="tests.test_aggregator" name="test_aggregate_handles_empty_org" file="tests/test_aggregator.py" line="65" time="0.001" /><testcase classname="tests.test_aggregator" name="test_aggregate_error_recovery" file="tests/test_aggregator.py" line="74" time="0.002" /><testcase classname="tests.test_aggregator" name="test_aggregate_since_until_passed" file="tests/test_aggregator.py" line="101" time="0.002" /><testcase classname="tests.test_aggregator" name="test_aggregate_include_forks" file="tests/test_aggregator.py" line="115" time="0.002" /><testcase classname="tests.test_aggregator" name="test_aggregate_single_repo" file="tests/test_aggregator.py" line="122" time="0.002" /><testcase classname="tests.test_aggregator" name="test_aggregate_exclude_repos" file="tests/test_aggregator.py" line="132" time="0.002" /><testcase classname="tests.test_aggregator" name="test_aggregate_exclude_multiple_repos" file="tests/test_aggregator.py" line="140" time="0.001" /><testcase classname="tests.test_aggregator" name="test_is_bot_with_bot_suffix" file="tests/test_aggregator.py" line="150" time="0.000" /><testcase classname="tests.test_aggregator" name="test_is_bot_known_bots" file="tests/test_aggregator.py" line="156" time="0.000" /><testcase classname="tests.test_aggregator" name="test_is_bot_regular_users" file="tests/test_aggregator.py" line="164" time="0.000" /><testcase classname="tests.test_aggregator" name="test_sort_key_commits" file="tests/test_aggregator.py" line="170" time="0.000" /><testcase classname="tests.test_aggregator" name="test_sort_key_additions" file="tests/test_aggregator.py" line="176" time="0.000" /><testcase classname="tests.test_aggregator" name="test_sort_key_deletions" file="tests/test_aggregator.py" line="182" time="0.000" /><testcase classname="tests.test_aggregator" name="test_sort_key_lines" file="tests/test_aggregator.py" line="188" time="0.000" /><testcase classname="tests.test_aggregator" name="test_aggregate_exclude_bots" file="tests/test_aggregator.py" line="194" time="0.003" /><testcase classname="tests.test_aggregator" name="test_aggregate_sort_by_additions" file="tests/test_aggregator.py" line="221" time="0.002" /><testcase classname="tests.test_aggregator" name="test_aggregate_min_commits" file="tests/test_aggregator.py" line="230" time="0.002" /><testcase classname="tests.test_aggregator" name="test_aggregate_min_commits_zero_no_filter" file="tests/test_aggregator.py" line="239" time="0.002" /><testcase classname="tests.test_aggregator" name="test_aggregate_pr_issue_stats" file="tests/test_aggregator.py" line="246" time="0.002" /><testcase classname="tests.test_aggregator" name="test_aggregate_contributor_no_author" file="tests/test_aggregator.py" line="256" time="0.001" /><testcase classname="tests.test_aggregator" name="test_aggregate_contributor_until_filter" file="tests/test_aggregator.py" line="277" time="0.001" /><testcase classname="tests.test_cache" name="test_cache_get_set" file="tests/test_cache.py" line="10" time="0.001" /><testcase classname="tests.test_cache" name="test_cache_miss" file="tests/test_cache.py" line="17" time="0.000" /><testcase classname="tests.test_cache" name="test_cache_ttl_expired" file="tests/test_cache.py" line="23" time="0.001" /><testcase classname="tests.test_cache" name="test_cache_different_params" file="tests/test_cache.py" line="38" time="0.001" /><testcase classname="tests.test_cache" name="test_cache_get_corrupted_json" file="tests/test_cache.py" line="46" time="0.001" /><testcase classname="tests.test_cache" name="test_cache_set_oserror" file="tests/test_cache.py" line="58" time="0.000" /><testcase classname="tests.test_cli" name="test_parse_relative_date_days" file="tests/test_cli.py" line="12" time="0.000" /><testcase classname="tests.test_cli" name="test_parse_relative_date_weeks" file="tests/test_cli.py" line="18" time="0.000" /><testcase classname="tests.test_cli" name="test_parse_relative_date_months" file="tests/test_cli.py" line="24" time="0.000" /><testcase classname="tests.test_cli" name="test_parse_relative_date_years" file="tests/test_cli.py" line="30" time="0.000" /><testcase classname="tests.test_cli" name="test_parse_relative_date_invalid" file="tests/test_cli.py" line="36" time="0.000" /><testcase classname="tests.test_cli" name="test_resolve_date_none" file="tests/test_cli.py" line="43" time="0.000" /><testcase classname="tests.test_cli" name="test_resolve_date_relative" file="tests/test_cli.py" line="47" time="0.000" /><testcase classname="tests.test_cli" name="test_resolve_date_absolute" file="tests/test_cli.py" line="53" time="0.000" /><testcase classname="tests.test_cli" name="test_main_org_target" file="tests/test_cli.py" line="57" time="0.001" /><testcase classname="tests.test_cli" name="test_main_repo_target" file="tests/test_cli.py" line="68" time="0.001" /><testcase classname="tests.test_cli" name="test_main_with_relative_since" file="tests/test_cli.py" line="79" time="0.001" /><testcase classname="tests.test_cli" name="test_main_with_all_options" file="tests/test_cli.py" line="87" time="0.001" /><testcase classname="tests.test_cli" name="test_main_with_output_option" file="tests/test_cli.py" line="104" time="0.001" /><testcase classname="tests.test_cli" name="test_main_missing_token" file="tests/test_cli.py" line="115" time="0.001" /><testcase classname="tests.test_cli" name="test_main_version" file="tests/test_cli.py" line="122" time="0.000" /><testcase classname="tests.test_client" name="test_client_instantiation" file="tests/test_client.py" line="13" time="0.026" /><testcase classname="tests.test_client" name="test_client_default_concurrency" file="tests/test_client.py" line="19" time="0.005" /><testcase classname="tests.test_client" name="test_client_no_cache" file="tests/test_client.py" line="24" time="0.004" /><testcase classname="tests.test_client" name="test_client_cache_enabled_by_default" file="tests/test_client.py" line="29" time="0.005" /><testcase classname="tests.test_client" name="test_client_close" file="tests/test_client.py" line="34" time="0.009" /><testcase classname="tests.test_client" name="test_client_context_manager" file="tests/test_client.py" line="40" time="0.004" /><testcase classname="tests.test_client" name="test_get_basic" file="tests/test_client.py" line="63" time="0.005" /><testcase classname="tests.test_client" name="test_cached_get_json_with_cache_hit" file="tests/test_client.py" line="76" time="0.004" /><testcase classname="tests.test_client" name="test_cached_get_json_with_cache_miss" file="tests/test_client.py" line="86" time="0.006" /><testcase classname="tests.test_client" name="test_cached_get_json_no_cache" file="tests/test_client.py" line="102" time="0.005" /><testcase classname="tests.test_client" name="test_cached_paginate_with_cache_hit" file="tests/test_client.py" line="115" time="0.005" /><testcase classname="tests.test_client" name="test_cached_paginate_with_cache_miss" file="tests/test_client.py" line="125" time="0.005" /><testcase classname="tests.test_client" name="test_paginate_single_page" file="tests/test_client.py" line="141" time="0.005" /><testcase classname="tests.test_client" name="test_paginate_multiple_pages" file="tests/test_client.py" line="154" time="0.007" /><testcase classname="tests.test_client" name="test_paginate_non_list_response" file="tests/test_client.py" line="174" time="0.006" /><testcase classname="tests.test_client" name="test_list_repos_org" file="tests/test_client.py" line="187" time="0.007" /><testcase classname="tests.test_client" name="test_list_repos_fallback_to_user" file="tests/test_client.py" line="200" time="0.006" /><testcase classname="tests.test_client" name="test_list_repos_include_forks" file="tests/test_client.py" line="227" time="0.007" /><testcase classname="tests.test_client" name="test_list_commits_basic" file="tests/test_client.py" line="242" time="0.006" /><testcase classname="tests.test_client" name="test_list_commits_with_since_until" file="tests/test_client.py" line="255" time="0.031" /><testcase classname="tests.test_client" name="test_list_commits_409_empty_repo" file="tests/test_client.py" line="271" time="0.005" /><testcase classname="tests.test_client" name="test_get_languages" file="tests/test_client.py" line="288" time="0.005" /><testcase classname="tests.test_client" name="test_get_contributor_stats_success" file="tests/test_client.py" line="301" time="0.005" /><testcase classname="tests.test_client" name="test_get_contributor_stats_204" file="tests/test_client.py" line="315" time="0.005" /><testcase classname="tests.test_client" name="test_get_contributor_stats_202_retry" file="tests/test_client.py" line="329" time="0.006" /><testcase classname="tests.test_client" name="test_get_contributor_stats_202_exhaust_retries" file="tests/test_client.py" line="350" time="0.006" /><testcase classname="tests.test_client" name="test_get_contributor_stats_202_http_error_retry" file="tests/test_client.py" line="368" time="0.005" /><testcase classname="tests.test_client" name="test_get_contributor_stats_non_list_response" file="tests/test_client.py" line="395" time="0.006" /><testcase classname="tests.test_client" name="test_get_contributor_stats_cache_hit" file="tests/test_client.py" line="408" time="0.005" /><testcase classname="tests.test_client" name="test_get_contributor_stats_cache_set" file="tests/test_client.py" line="419" time="0.005" /><testcase classname="tests.test_client" name="test_list_pull_requests_basic" file="tests/test_client.py" line="436" time="0.005" /><testcase classname="tests.test_client" name="test_list_pull_requests_with_since_until" file="tests/test_client.py" line="450" time="0.005" /><testcase classname="tests.test_client" name="test_list_issues_basic" file="tests/test_client.py" line="471" time="0.005" /><testcase classname="tests.test_client" name="test_list_issues_with_since" file="tests/test_client.py" line="489" time="0.005" /><testcase classname="tests.test_client" name="test_list_repos_non_404_error" file="tests/test_client.py" line="504" time="0.008" /><testcase classname="tests.test_client" name="test_list_commits_non_409_error" file="tests/test_client.py" line="521" time="0.006" /><testcase classname="tests.test_client" name="test_get_contributor_stats_non_202_http_error" file="tests/test_client.py" line="538" time="0.005" /><testcase classname="tests.test_client" name="test_get_contributor_stats_202_last_attempt_raises" file="tests/test_client.py" line="555" time="0.005" /><testcase classname="tests.test_client" name="test_get_contributor_stats_zero_retries" file="tests/test_client.py" line="573" time="0.005" /><testcase classname="tests.test_models" name="test_language_stats" file="tests/test_models.py" line="5" time="0.000" /><testcase classname="tests.test_models" name="test_contributor_stats" file="tests/test_models.py" line="12" time="0.000" /><testcase classname="tests.test_models" name="test_repo_stats_defaults" file="tests/test_models.py" line="18" time="0.000" /><testcase classname="tests.test_models" name="test_org_report" file="tests/test_models.py" line="30" time="0.000" /><testcase classname="tests.test_orchestrator" name="test_run_table_format" file="tests/test_orchestrator.py" line="35" time="0.002" /><testcase classname="tests.test_orchestrator" name="test_run_json_format" file="tests/test_orchestrator.py" line="53" time="0.001" /><testcase classname="tests.test_orchestrator" name="test_run_csv_format" file="tests/test_orchestrator.py" line="69" time="0.001" /><testcase classname="tests.test_orchestrator" name="test_run_passes_all_params" file="tests/test_orchestrator.py" line="85" time="0.001" /><testcase classname="tests.test_rate_limit" name="test_update_sets_remaining_and_reset" file="tests/test_rate_limit.py" line="23" time="0.000" /><testcase classname="tests.test_rate_limit" name="test_update_without_headers" file="tests/test_rate_limit.py" line="31" time="0.000" /><testcase classname="tests.test_rate_limit" name="test_wait_if_needed_no_wait_when_above_threshold" file="tests/test_rate_limit.py" line="39" time="0.001" /><testcase classname="tests.test_rate_limit" name="test_wait_if_needed_no_wait_when_none" file="tests/test_rate_limit.py" line="49" time="0.000" /><testcase classname="tests.test_rate_limit" name="test_wait_if_needed_waits_when_below_threshold" file="tests/test_rate_limit.py" line="56" time="1.001" /><testcase classname="tests.test_renderer" name="test_render_report_no_error" file="tests/test_renderer.py" line="36" time="0.005" /><testcase classname="tests.test_renderer" name="test_render_report_shows_failed_repos" file="tests/test_renderer.py" line="45" time="0.003" /><testcase classname="tests.test_renderer" name="test_render_json" file="tests/test_renderer.py" line="53" time="0.000" /><testcase classname="tests.test_renderer" name="test_render_csv" file="tests/test_renderer.py" line="64" time="0.000" /><testcase classname="tests.test_renderer" name="test_render_report_shows_pr_issue_stats" file="tests/test_renderer.py" line="75" time="0.003" /><testcase classname="tests.test_renderer" name="test_render_report_sort_indicator" file="tests/test_renderer.py" line="85" time="0.003" /><testcase classname="tests.test_renderer" name="test_render_report_repo_summary_multi_repos" file="tests/test_renderer.py" line="93" time="0.004" /><testcase classname="tests.test_renderer" name="test_render_report_no_repo_summary_single_repo" file="tests/test_renderer.py" line="115" time="0.003" /><testcase classname="tests.test_renderer" name="test_render_json_to_file" file="tests/test_renderer.py" line="129" time="0.001" /><testcase classname="tests.test_renderer" name="test_render_csv_to_file" file="tests/test_renderer.py" line="143" time="0.000" /><testcase classname="tests.test_renderer" name="test_render_report_to_file" file="tests/test_renderer.py" line="157" time="0.003" /><testcase classname="tests.test_renderer" name="test_render_report_with_period" file="tests/test_renderer.py" line="171" time="0.003" /><testcase classname="tests.test_renderer" name="test_render_report_sort_by_lines" file="tests/test_renderer.py" line="183" time="0.003" /></testsuite></testsuites>